[Socket] Initialized
­ƒöì Starting API POST/GET Validation Sequence...
  -> preparing database state...
Server running on port 4000
